// Jest Snapshot v1, https://goo.gl/fbAQLP

exports[`Table must render correctly 1`] = `
<div
  className="flex flex-col"
>
  <div
    className="-my-2 overflow-x-auto sm:-mx-6 lg:-mx-8"
  >
    <div
      className="py-2 align-middle inline-block min-w-full sm:px-6 lg:px-8"
    >
      <div
        className="shadow overflow-hidden border-b border-gray-200 sm:rounded-lg"
      >
        <table
          className="min-w-full divide-y divide-gray-200"
        >
          <thead
            className="bg-gray-50"
          >
            <tr>
              <th
                className="px-6 py-3 text-left text-xs font-medium text-gray-500 uppercase tracking-wider"
                scope="col"
              >
                Episode #
              </th>
              <th
                className="px-6 py-3 text-left text-xs font-medium text-gray-500 uppercase tracking-wider"
                scope="col"
              >
                Title
              </th>
              <th
                className="px-6 py-3 text-left text-xs font-medium text-gray-500 uppercase tracking-wider"
                scope="col"
              >
                Air Date
              </th>
            </tr>
          </thead>
          <tbody
            className="bg-white divide-y divide-gray-200"
          >
            <tr
              className="cursor-pointer"
              onClick={[Function]}
            >
              <td
                className="px-6 py-4 whitespace-nowrap text-sm text-gray-500"
              >
                5
              </td>
              <td
                className="px-6 py-4 whitespace-nowrap text-sm text-gray-500"
              >
                Alpine Shepherd Boy
              </td>
              <td
                className="px-6 py-4 whitespace-nowrap text-sm text-gray-500"
              >
                03-02-2015
              </td>
            </tr>
          </tbody>
        </table>
      </div>
    </div>
  </div>
</div>
`;
